                                                                                                    
                                                                                                    
                                                                                                    
                                                                                                    
                                                                                                    
                                                                                                    
                                                                                                    
                                                                                                    
                                                                                                    
                         ╭────────────────────────────────────────────────╮                         
                         │                                                │                         
                         │   New worktree                                 │                         
                         │                                                │                         
                         │   figura  > iris                               │                         
                         │   jira key > TAL-19                            │                         
                         │                                                │                         
                         │   [tab] next   [enter] confirm   [esc]         │                         
                         │   cancel                                       │                         
                         │                                                │                         
                         ╰────────────────────────────────────────────────╯                         
                                                                                                    
                                                                                                    
                                                                                                    
                                                                                                    
                                                                                                    
                                                                                                    
                                                                                                    
                                                                                                    
                                                                                                    
                                                                                                    