                                                                                                    
                                                                                                    
                                                                                                    
                                                                                                    
                                                                                                    
                                                                                                    
                                                                                                    
                                                                                                    
                         ╭────────────────────────────────────────────────╮                         
                         │                                                │                         
                         │   Execute merge                                │                         
                         │                                                │                         
                         │   base: develop                                │                         
                         │   conflict rate: 5%  (threshold 15%)           │                         
                         │   1 step(s)                                    │                         
                         │                                                │                         
                         │   > develop                                    │                         
                         │                                                │                         
                         │   type "develop" to confirm   [enter]          │                         
                         │   confirm   [esc] cancel                       │                         
                         │                                                │                         
                         ╰────────────────────────────────────────────────╯                         
                                                                                                    
                                                                                                    
                                                                                                    
                                                                                                    
                                                                                                    
                                                                                                    
                                                                                                    
                                                                                                    