                                                                                                    
                                                                                                    
                                                                                                    
                                                                                                    
                                                                                                    
                                                                                                    
                                                                                                    
                                                                                                    
                                                                                                    
                                                                                                    
                         ╭────────────────────────────────────────────────╮                         
                         │                                                │                         
                         │   Confirm teardown                             │                         
                         │                                                │                         
                         │     Tear down worktree for atlas (TAL-1)?      │                         
                         │                                                │                         
                         │   [y/enter] confirm   [n/esc] cancel           │                         
                         │                                                │                         
                         ╰────────────────────────────────────────────────╯                         
                                                                                                    
                                                                                                    
                                                                                                    
                                                                                                    
                                                                                                    
                                                                                                    
                                                                                                    
                                                                                                    
                                                                                                    
                                                                                                    
                                                                                                    