  TALOS — Worktree Monitor                                                                      
                                                                                                
────────────────────────────────────────────────────────────────────────────────────────────────
                                                                                                
┌────────────────────────────────────────────────────────────────────────────────────────────────┐
│  ▶ atlas     agent/atlas/TAL-1                         abc1234  clean                          │
│   iris      agent/iris/TAL-8                          def5678  modified                        │
│   hermes    agent/hermes/TAL-6                        ghi9012  clean                           │
└────────────────────────────────────────────────────────────────────────────────────────────────┘
                   
  j/k move · q quit